c:\users\俺\desktop\デスクトップ\制作系\プログラム関係\格闘ゲームプロジェクト\自己研鑽の積み重ね\selfstudy\2_c++(visualstudio)\2_workspace_mfc_direct2d\1_sideviewgamesample\sideview.1700f703\x64\debug\sideviewgamesample.pch
c:\users\俺\desktop\デスクトップ\制作系\プログラム関係\格闘ゲームプロジェクト\自己研鑽の積み重ね\selfstudy\2_c++(visualstudio)\2_workspace_mfc_direct2d\1_sideviewgamesample\sideview.1700f703\x64\debug\vc143.pdb
c:\users\俺\desktop\デスクトップ\制作系\プログラム関係\格闘ゲームプロジェクト\自己研鑽の積み重ね\selfstudy\2_c++(visualstudio)\2_workspace_mfc_direct2d\1_sideviewgamesample\sideview.1700f703\x64\debug\vc143.idb
c:\users\俺\desktop\デスクトップ\制作系\プログラム関係\格闘ゲームプロジェクト\自己研鑽の積み重ね\selfstudy\2_c++(visualstudio)\2_workspace_mfc_direct2d\1_sideviewgamesample\sideview.1700f703\x64\debug\pch.obj
c:\users\俺\desktop\デスクトップ\制作系\プログラム関係\格闘ゲームプロジェクト\自己研鑽の積み重ね\selfstudy\2_c++(visualstudio)\2_workspace_mfc_direct2d\1_sideviewgamesample\sideview.1700f703\x64\debug\stagemap.obj
c:\users\俺\desktop\デスクトップ\制作系\プログラム関係\格闘ゲームプロジェクト\自己研鑽の積み重ね\selfstudy\2_c++(visualstudio)\2_workspace_mfc_direct2d\1_sideviewgamesample\sideview.1700f703\x64\debug\renderer.obj
c:\users\俺\desktop\デスクトップ\制作系\プログラム関係\格闘ゲームプロジェクト\自己研鑽の積み重ね\selfstudy\2_c++(visualstudio)\2_workspace_mfc_direct2d\1_sideviewgamesample\sideview.1700f703\x64\debug\rectobject.obj
c:\users\俺\desktop\デスクトップ\制作系\プログラム関係\格闘ゲームプロジェクト\自己研鑽の積み重ね\selfstudy\2_c++(visualstudio)\2_workspace_mfc_direct2d\1_sideviewgamesample\sideview.1700f703\x64\debug\playerobject.obj
c:\users\俺\desktop\デスクトップ\制作系\プログラム関係\格闘ゲームプロジェクト\自己研鑽の積み重ね\selfstudy\2_c++(visualstudio)\2_workspace_mfc_direct2d\1_sideviewgamesample\sideview.1700f703\x64\debug\playercontroller.obj
c:\users\俺\desktop\デスクトップ\制作系\プログラム関係\格闘ゲームプロジェクト\自己研鑽の積み重ね\selfstudy\2_c++(visualstudio)\2_workspace_mfc_direct2d\1_sideviewgamesample\sideview.1700f703\x64\debug\lineobject.obj
c:\users\俺\desktop\デスクトップ\制作系\プログラム関係\格闘ゲームプロジェクト\自己研鑽の積み重ね\selfstudy\2_c++(visualstudio)\2_workspace_mfc_direct2d\1_sideviewgamesample\sideview.1700f703\x64\debug\gamemain.obj
c:\users\俺\desktop\デスクトップ\制作系\プログラム関係\格闘ゲームプロジェクト\自己研鑽の積み重ね\selfstudy\2_c++(visualstudio)\2_workspace_mfc_direct2d\1_sideviewgamesample\sideview.1700f703\x64\debug\circleobject.obj
c:\users\俺\desktop\デスクトップ\制作系\プログラム関係\格闘ゲームプロジェクト\自己研鑽の積み重ね\selfstudy\2_c++(visualstudio)\2_workspace_mfc_direct2d\1_sideviewgamesample\sideview.1700f703\x64\debug\camera.obj
c:\users\俺\desktop\デスクトップ\制作系\プログラム関係\格闘ゲームプロジェクト\自己研鑽の積み重ね\selfstudy\2_c++(visualstudio)\2_workspace_mfc_direct2d\1_sideviewgamesample\sideview.1700f703\x64\debug\sideviewgamesampleview.obj
c:\users\俺\desktop\デスクトップ\制作系\プログラム関係\格闘ゲームプロジェクト\自己研鑽の積み重ね\selfstudy\2_c++(visualstudio)\2_workspace_mfc_direct2d\1_sideviewgamesample\sideview.1700f703\x64\debug\sideviewgamesampledoc.obj
c:\users\俺\desktop\デスクトップ\制作系\プログラム関係\格闘ゲームプロジェクト\自己研鑽の積み重ね\selfstudy\2_c++(visualstudio)\2_workspace_mfc_direct2d\1_sideviewgamesample\sideview.1700f703\x64\debug\sideviewgamesample.obj
c:\users\俺\desktop\デスクトップ\制作系\プログラム関係\格闘ゲームプロジェクト\自己研鑽の積み重ね\selfstudy\2_c++(visualstudio)\2_workspace_mfc_direct2d\1_sideviewgamesample\sideview.1700f703\x64\debug\propertieswnd.obj
c:\users\俺\desktop\デスクトップ\制作系\プログラム関係\格闘ゲームプロジェクト\自己研鑽の積み重ね\selfstudy\2_c++(visualstudio)\2_workspace_mfc_direct2d\1_sideviewgamesample\sideview.1700f703\x64\debug\outputwnd.obj
c:\users\俺\desktop\デスクトップ\制作系\プログラム関係\格闘ゲームプロジェクト\自己研鑽の積み重ね\selfstudy\2_c++(visualstudio)\2_workspace_mfc_direct2d\1_sideviewgamesample\sideview.1700f703\x64\debug\mainfrm.obj
c:\users\俺\desktop\デスクトップ\制作系\プログラム関係\格闘ゲームプロジェクト\自己研鑽の積み重ね\selfstudy\2_c++(visualstudio)\2_workspace_mfc_direct2d\1_sideviewgamesample\sideview.1700f703\x64\debug\fileview.obj
c:\users\俺\desktop\デスクトップ\制作系\プログラム関係\格闘ゲームプロジェクト\自己研鑽の積み重ね\selfstudy\2_c++(visualstudio)\2_workspace_mfc_direct2d\1_sideviewgamesample\sideview.1700f703\x64\debug\classview.obj
c:\users\俺\desktop\デスクトップ\制作系\プログラム関係\格闘ゲームプロジェクト\自己研鑽の積み重ね\selfstudy\2_c++(visualstudio)\2_workspace_mfc_direct2d\1_sideviewgamesample\sideview.1700f703\x64\debug\viewtree.obj
c:\users\俺\desktop\デスクトップ\制作系\プログラム関係\格闘ゲームプロジェクト\自己研鑽の積み重ね\selfstudy\2_c++(visualstudio)\2_workspace_mfc_direct2d\1_sideviewgamesample\sideview.1700f703\x64\debug\tilemapobject.obj
c:\users\俺\desktop\デスクトップ\制作系\プログラム関係\格闘ゲームプロジェクト\自己研鑽の積み重ね\selfstudy\2_c++(visualstudio)\2_workspace_mfc_direct2d\1_sideviewgamesample\sideview.1700f703\x64\debug\tilemap.obj
c:\users\俺\desktop\デスクトップ\制作系\プログラム関係\格闘ゲームプロジェクト\自己研鑽の積み重ね\selfstudy\2_c++(visualstudio)\2_workspace_mfc_direct2d\1_sideviewgamesample\sideview.1700f703\x64\debug\sideview.1700f703.tlog\cl.command.1.tlog
c:\users\俺\desktop\デスクトップ\制作系\プログラム関係\格闘ゲームプロジェクト\自己研鑽の積み重ね\selfstudy\2_c++(visualstudio)\2_workspace_mfc_direct2d\1_sideviewgamesample\sideview.1700f703\x64\debug\sideview.1700f703.tlog\cl.read.1.tlog
c:\users\俺\desktop\デスクトップ\制作系\プログラム関係\格闘ゲームプロジェクト\自己研鑽の積み重ね\selfstudy\2_c++(visualstudio)\2_workspace_mfc_direct2d\1_sideviewgamesample\sideview.1700f703\x64\debug\sideview.1700f703.tlog\cl.write.1.tlog
